// Jest Snapshot v1, https://goo.gl/fbAQLP

exports[`Menu Test 1`] = `
<div>
  <button
    aria-haspopup="menu"
    class="sxqt3zu"
    data-state="closed"
    id="radix-id-0-1"
    type="button"
  >
    hello
     
    <i
      class="sx03kze sx03kze-8rfvp gg-chevron-down"
    />
  </button>
</div>
`;
