// Jest Snapshot v1, https://goo.gl/fbAQLP

exports[`Header Test 1`] = `
<div>
  <header
    class="sxdu0hc"
    data-testid="header"
  >
    This is the header
  </header>
</div>
`;
