// Jest Snapshot v1, https://goo.gl/fbAQLP

exports[`Layout Test 1`] = `
<div>
  <div
    class="sxsw5wg"
    data-testid="layout"
  >
    Hello
  </div>
</div>
`;
