// Jest Snapshot v1, https://goo.gl/fbAQLP

exports[`Icon Test 1`] = `
<div>
  <i
    class="sx03kze sx03kze-uzmqd gg-enter"
  />
</div>
`;
