// Jest Snapshot v1, https://goo.gl/fbAQLP

exports[`FormikInput â†’ Renders Correctly 1`] = `
<div>
  <input
    class="sxp0t8a sxp0t8a3bov9--color-normal"
    data-testid="textInput"
    name="test"
    value="hu"
  />
</div>
`;
